exports[`App component match jest tree 1`] = `
<div
  className="App">
  <div
    className="App-header">
    <img
      alt="logo"
      className="App-logo"
      src="favicon-96x96.png" />
    car stock filter
  </div>
  <div
    className="App-intro">
    <input
      onChange={[Function]}
      placeholder="type something to filter table" />
    <table>
      <thead>
        <tr>
          <th>
            id
          </th>
          <th>
            color
          </th>
          <th>
            price
          </th>
          <th>
            type
          </th>
          <th>
            yearOfConstruction
          </th>
          <th>
            notes
          </th>
        </tr>
      </thead>
      <tbody>
        <tr>
          <td>
            1
          </td>
          <td>
            red
          </td>
          <td>
            60000
          </td>
          <td>
            Porsche 911
          </td>
          <td>
            2000
          </td>
          <td />
        </tr>
        <tr>
          <td>
            2
          </td>
          <td>
            black
          </td>
          <td>
            120000
          </td>
          <td>
            Porsche Panamera
          </td>
          <td>
            2010
          </td>
          <td />
        </tr>
        <tr>
          <td>
            3
          </td>
          <td>
            green
          </td>
          <td>
            8000
          </td>
          <td>
            VW Beetle
          </td>
          <td>
            1960
          </td>
          <td>
            damaged at the front bumper
          </td>
        </tr>
        <tr>
          <td>
            4
          </td>
          <td>
            blue
          </td>
          <td>
            28345
          </td>
          <td>
            Audi A5
          </td>
          <td>
            1998
          </td>
          <td />
        </tr>
        <tr>
          <td>
            5
          </td>
          <td>
            yellow
          </td>
          <td>
            80435
          </td>
          <td>
            Ferrari 430 Spider
          </td>
          <td>
            1990
          </td>
          <td />
        </tr>
        <tr>
          <td>
            6
          </td>
          <td>
            gray
          </td>
          <td>
            8212
          </td>
          <td>
            Audi Commodore
          </td>
          <td>
            1992
          </td>
          <td />
        </tr>
      </tbody>
    </table>
  </div>
</div>
`;
